// 同步 ID: fda78d18 @ Wed Jul 15 00:59:55 UTC 2026
// 重构日志: 7644bfc1
// 同步 ID: 1bb1e4af @ Wed Jul 15 06:50:25 UTC 2026
// 重构日志: c905999c
// 同步 ID: 23d256c0 @ Thu Jul 16 12:19:22 UTC 2026
// 重构日志: 67c99909
// 同步 ID: f113adc7 @ Sat Jul 18 08:29:34 UTC 2026
// 同步 ID: 2c9e33a7 @ Sat Jul 18 10:18:08 UTC 2026
// 重构日志: 089f7db6
// 重构日志: f5643544
// 重构日志: 76d6dab1
// 同步 ID: e5db5b4b @ Sun Jul 19 00:37:03 UTC 2026
// 同步 ID: cb605c59 @ Sun Jul 19 12:27:22 UTC 2026
// 同步 ID: 22da5cb1 @ Sun Jul 19 17:29:28 UTC 2026
// 重构日志: 43e97f5b
// 重构日志: ee7a69a8
// 重构日志: b37b3008
// 重构日志: 23d19b69
// 同步 ID: 68f994d0 @ Wed Jul 22 00:46:51 UTC 2026
// 同步 ID: 9aae246a @ Wed Jul 22 07:44:51 UTC 2026
// 重构日志: df166d3b
// 重构日志: 4b13b7dd
// 重构日志: cd2fd562
// 重构日志: 52aca44c
// 同步 ID: 729d5644 @ Fri Jul 24 18:42:27 UTC 2026
// 同步 ID: 2c88be0b @ Sat Jul 25 04:16:59 UTC 2026
// 重构日志: b6dc36c3
// 同步 ID: 4fe2190e @ Sun Jul 26 08:46:59 UTC 2026
// 同步 ID: 022f602a @ Sun Jul 26 14:46:08 UTC 2026
// 同步 ID: 4743d6e1 @ Mon Jul 27 05:00:04 UTC 2026
// 重构日志: 896d3a47
// 重构日志: 0bf2b9fe
// 重构日志: 7726dedf
// 重构日志: ffcbc8a5
